[0m09:30:10.607537 [debug] [MainThread]: Sending event: {'category': 'dbt', 'action': 'invocation', 'label': 'start', 'context': [<snowplow_tracker.self_describing_json.SelfDescribingJson object at 0x000001B514FBDB20>, <snowplow_tracker.self_describing_json.SelfDescribingJson object at 0x000001B51A30E900>, <snowplow_tracker.self_describing_json.SelfDescribingJson object at 0x000001B516CD6090>]}


============================== 09:30:10.607537 | bfd0576d-0b24-41ee-9e80-b26bf58a9be5 ==============================
[0m09:30:10.607537 [info ] [MainThread]: Running with dbt=1.11.4
[0m09:30:10.607537 [debug] [MainThread]: running dbt with arguments {'version_check': 'True', 'no_print': 'None', 'static_parser': 'True', 'warn_error_options': 'WarnErrorOptionsV2(error=[], warn=[], silence=[])', 'target_path': 'None', 'printer_width': '80', 'write_json': 'True', 'introspect': 'True', 'log_cache_events': 'False', 'empty': 'None', 'cache_selected_only': 'False', 'log_format': 'default', 'debug': 'False', 'fail_fast': 'False', 'profiles_dir': 'C:\\Users\\theak\\.dbt', 'send_anonymous_usage_stats': 'True', 'quiet': 'False', 'warn_error': 'None', 'partial_parse': 'True', 'indirect_selection': 'eager', 'invocation_command': 'dbt init my_project', 'use_colors': 'True', 'use_experimental_parser': 'False', 'log_path': 'logs'}
[0m09:30:10.651639 [debug] [MainThread]: Starter project path: C:\Users\theak\OneDrive\Desktop\Data Engineer\AWS_DBT_SNOWFLAKE\venv\Lib\site-packages\dbt\include\starter_project
[0m09:30:10.675676 [info ] [MainThread]: 
Your new dbt project "my_project" was created!

For more information on how to configure the profiles.yml file,
please consult the dbt documentation here:

  https://docs.getdbt.com/docs/configure-your-profile

One more thing:

Need help? Don't hesitate to reach out to us via GitHub issues or on Slack:

  https://community.getdbt.com/

Happy modeling!

[0m09:30:10.676689 [info ] [MainThread]: Setting up your profile.
[0m09:30:20.311561 [debug] [MainThread]: Snowflake adapter: Setting snowflake.connector to ERROR (file logging only)
[0m09:30:20.312562 [debug] [MainThread]: Snowflake adapter: Setting botocore to ERROR (file logging only)
[0m09:30:20.312562 [debug] [MainThread]: Snowflake adapter: Setting boto3 to ERROR (file logging only)
[0m09:33:37.883315 [info ] [MainThread]: Profile my_project written to C:\Users\theak\.dbt\profiles.yml using target's profile_template.yml and your supplied values. Run 'dbt debug' to validate the connection.
[0m09:33:37.884554 [debug] [MainThread]: Command `dbt init` succeeded at 09:33:37.884554 after 207.41 seconds
[0m09:33:37.884554 [debug] [MainThread]: Sending event: {'category': 'dbt', 'action': 'invocation', 'label': 'end', 'context': [<snowplow_tracker.self_describing_json.SelfDescribingJson object at 0x000001B514FBDB20>, <snowplow_tracker.self_describing_json.SelfDescribingJson object at 0x000001B51C02EA80>, <snowplow_tracker.self_describing_json.SelfDescribingJson object at 0x000001B51AB621E0>]}
[0m09:33:37.884554 [debug] [MainThread]: Flushing usage events
[0m09:33:39.553579 [debug] [MainThread]: An error was encountered while trying to flush usage events
[0m09:36:22.963981 [debug] [MainThread]: Sending event: {'category': 'dbt', 'action': 'invocation', 'label': 'start', 'context': [<snowplow_tracker.self_describing_json.SelfDescribingJson object at 0x000001F448772C60>, <snowplow_tracker.self_describing_json.SelfDescribingJson object at 0x000001F446919580>, <snowplow_tracker.self_describing_json.SelfDescribingJson object at 0x000001F448DD7200>]}


============================== 09:36:22.971849 | 9fc8787b-b74e-43c0-9402-812005e81e83 ==============================
[0m09:36:22.971849 [info ] [MainThread]: Running with dbt=1.11.4
[0m09:36:22.971849 [debug] [MainThread]: running dbt with arguments {'version_check': 'True', 'no_print': 'None', 'static_parser': 'True', 'warn_error_options': 'WarnErrorOptionsV2(error=[], warn=[], silence=[])', 'target_path': 'None', 'printer_width': '80', 'write_json': 'True', 'empty': 'None', 'log_cache_events': 'False', 'introspect': 'True', 'cache_selected_only': 'False', 'fail_fast': 'False', 'debug': 'False', 'log_format': 'default', 'profiles_dir': 'C:\\Users\\theak\\.dbt', 'send_anonymous_usage_stats': 'True', 'quiet': 'False', 'warn_error': 'None', 'partial_parse': 'True', 'invocation_command': 'dbt debug', 'use_colors': 'True', 'indirect_selection': 'eager', 'use_experimental_parser': 'False', 'log_path': 'logs'}
[0m09:36:22.993046 [info ] [MainThread]: dbt version: 1.11.4
[0m09:36:22.993046 [info ] [MainThread]: python version: 3.12.10
[0m09:36:22.993046 [info ] [MainThread]: python path: C:\Users\theak\OneDrive\Desktop\Data Engineer\AWS_DBT_SNOWFLAKE\venv\Scripts\python.exe
[0m09:36:22.993046 [info ] [MainThread]: os info: Windows-11-10.0.26200-SP0
[0m09:36:23.314567 [debug] [MainThread]: Snowflake adapter: Setting snowflake.connector to ERROR (file logging only)
[0m09:36:23.314567 [debug] [MainThread]: Snowflake adapter: Setting botocore to ERROR (file logging only)
[0m09:36:23.314567 [debug] [MainThread]: Snowflake adapter: Setting boto3 to ERROR (file logging only)
[0m09:36:23.379590 [info ] [MainThread]: Using profiles dir at C:\Users\theak\.dbt
[0m09:36:23.379590 [info ] [MainThread]: Using profiles.yml file at C:\Users\theak\.dbt\profiles.yml
[0m09:36:23.380593 [info ] [MainThread]: Using dbt_project.yml file at C:\Users\theak\OneDrive\Desktop\Data Engineer\AWS_DBT_SNOWFLAKE\dbt_project.yml
[0m09:36:23.381205 [error] [MainThread]: Encountered an error:
Internal Error
  Profile should not be None if loading profile completed
[0m09:36:23.382341 [debug] [MainThread]: Command `dbt debug` failed at 09:36:23.382341 after 0.54 seconds
[0m09:36:23.382341 [debug] [MainThread]: Sending event: {'category': 'dbt', 'action': 'invocation', 'label': 'end', 'context': [<snowplow_tracker.self_describing_json.SelfDescribingJson object at 0x000001F446919580>, <snowplow_tracker.self_describing_json.SelfDescribingJson object at 0x000001F44C02E3F0>, <snowplow_tracker.self_describing_json.SelfDescribingJson object at 0x000001F44A453F80>]}
[0m09:36:23.382341 [debug] [MainThread]: Flushing usage events
[0m09:36:24.650416 [debug] [MainThread]: An error was encountered while trying to flush usage events
[0m09:39:19.491924 [debug] [MainThread]: Sending event: {'category': 'dbt', 'action': 'invocation', 'label': 'start', 'context': [<snowplow_tracker.self_describing_json.SelfDescribingJson object at 0x000001ACE387D160>, <snowplow_tracker.self_describing_json.SelfDescribingJson object at 0x000001ACE37D7080>, <snowplow_tracker.self_describing_json.SelfDescribingJson object at 0x000001ACE37D7110>]}


============================== 09:39:19.499085 | 82d8f664-d412-487f-aa0b-228e4d83e57a ==============================
[0m09:39:19.499085 [info ] [MainThread]: Running with dbt=1.11.4
[0m09:39:19.501089 [debug] [MainThread]: running dbt with arguments {'static_parser': 'True', 'no_print': 'None', 'version_check': 'True', 'target_path': 'None', 'warn_error_options': 'WarnErrorOptionsV2(error=[], warn=[], silence=[])', 'printer_width': '80', 'write_json': 'True', 'introspect': 'True', 'log_cache_events': 'False', 'empty': 'None', 'cache_selected_only': 'False', 'fail_fast': 'False', 'debug': 'False', 'log_format': 'default', 'partial_parse': 'True', 'send_anonymous_usage_stats': 'True', 'quiet': 'False', 'warn_error': 'None', 'profiles_dir': 'C:\\Users\\theak\\.dbt', 'invocation_command': 'dbt debug', 'use_colors': 'True', 'indirect_selection': 'eager', 'use_experimental_parser': 'False', 'log_path': 'logs'}
[0m09:39:19.520658 [info ] [MainThread]: dbt version: 1.11.4
[0m09:39:19.520658 [info ] [MainThread]: python version: 3.12.10
[0m09:39:19.522667 [info ] [MainThread]: python path: C:\Users\theak\OneDrive\Desktop\Data Engineer\AWS_DBT_SNOWFLAKE\venv\Scripts\python.exe
[0m09:39:19.522667 [info ] [MainThread]: os info: Windows-11-10.0.26200-SP0
[0m09:39:19.881969 [debug] [MainThread]: Snowflake adapter: Setting snowflake.connector to ERROR (file logging only)
[0m09:39:19.882970 [debug] [MainThread]: Snowflake adapter: Setting botocore to ERROR (file logging only)
[0m09:39:19.882970 [debug] [MainThread]: Snowflake adapter: Setting boto3 to ERROR (file logging only)
[0m09:39:19.945435 [info ] [MainThread]: Using profiles dir at C:\Users\theak\.dbt
[0m09:39:19.945435 [info ] [MainThread]: Using profiles.yml file at C:\Users\theak\.dbt\profiles.yml
[0m09:39:19.945435 [info ] [MainThread]: Using dbt_project.yml file at C:\Users\theak\OneDrive\Desktop\Data Engineer\AWS_DBT_SNOWFLAKE\dbt_project.yml
[0m09:39:19.945435 [error] [MainThread]: Encountered an error:
Internal Error
  Profile should not be None if loading profile completed
[0m09:39:19.945435 [debug] [MainThread]: Command `dbt debug` failed at 09:39:19.945435 after 0.57 seconds
[0m09:39:19.945435 [debug] [MainThread]: Sending event: {'category': 'dbt', 'action': 'invocation', 'label': 'end', 'context': [<snowplow_tracker.self_describing_json.SelfDescribingJson object at 0x000001ACE3D85A00>, <snowplow_tracker.self_describing_json.SelfDescribingJson object at 0x000001ACE5BC1640>, <snowplow_tracker.self_describing_json.SelfDescribingJson object at 0x000001ACE58343E0>]}
[0m09:39:19.945435 [debug] [MainThread]: Flushing usage events
[0m09:39:21.252994 [debug] [MainThread]: An error was encountered while trying to flush usage events
[0m11:51:02.670017 [debug] [MainThread]: Sending event: {'category': 'dbt', 'action': 'invocation', 'label': 'start', 'context': [<snowplow_tracker.self_describing_json.SelfDescribingJson object at 0x000001755DB61A30>, <snowplow_tracker.self_describing_json.SelfDescribingJson object at 0x000001755D435A00>, <snowplow_tracker.self_describing_json.SelfDescribingJson object at 0x000001755DE7B770>]}


============================== 11:51:02.679081 | d1827721-9642-4b1a-8796-51d6109fed1c ==============================
[0m11:51:02.679081 [info ] [MainThread]: Running with dbt=1.11.4
[0m11:51:02.679081 [debug] [MainThread]: running dbt with arguments {'static_parser': 'True', 'no_print': 'None', 'version_check': 'True', 'warn_error_options': 'WarnErrorOptionsV2(error=[], warn=[], silence=[])', 'target_path': 'None', 'printer_width': '80', 'write_json': 'True', 'introspect': 'True', 'log_cache_events': 'False', 'empty': 'None', 'cache_selected_only': 'False', 'log_format': 'default', 'debug': 'False', 'fail_fast': 'False', 'partial_parse': 'True', 'send_anonymous_usage_stats': 'True', 'quiet': 'False', 'warn_error': 'None', 'profiles_dir': 'C:\\Users\\theak\\.dbt', 'use_colors': 'True', 'invocation_command': 'dbt init', 'indirect_selection': 'eager', 'use_experimental_parser': 'False', 'log_path': 'logs'}
[0m11:51:10.447659 [debug] [MainThread]: Starter project path: C:\Users\theak\OneDrive\Desktop\Data Engineer\AWS_DBT_SNOWFLAKE\venv\Lib\site-packages\dbt\include\starter_project
[0m11:51:10.477225 [info ] [MainThread]: 
Your new dbt project "BTC" was created!

For more information on how to configure the profiles.yml file,
please consult the dbt documentation here:

  https://docs.getdbt.com/docs/configure-your-profile

One more thing:

Need help? Don't hesitate to reach out to us via GitHub issues or on Slack:

  https://community.getdbt.com/

Happy modeling!

[0m11:51:10.479237 [info ] [MainThread]: Setting up your profile.
[0m11:51:14.206972 [debug] [MainThread]: Snowflake adapter: Setting snowflake.connector to ERROR (file logging only)
[0m11:51:14.206972 [debug] [MainThread]: Snowflake adapter: Setting botocore to ERROR (file logging only)
[0m11:51:14.206972 [debug] [MainThread]: Snowflake adapter: Setting boto3 to ERROR (file logging only)
[0m11:56:40.966394 [info ] [MainThread]: Profile BTC written to C:\Users\theak\.dbt\profiles.yml using target's profile_template.yml and your supplied values. Run 'dbt debug' to validate the connection.
[0m11:56:40.968927 [debug] [MainThread]: Command `dbt init` succeeded at 11:56:40.968927 after 338.41 seconds
[0m11:56:40.969482 [debug] [MainThread]: Sending event: {'category': 'dbt', 'action': 'invocation', 'label': 'end', 'context': [<snowplow_tracker.self_describing_json.SelfDescribingJson object at 0x00000175601EDC40>, <snowplow_tracker.self_describing_json.SelfDescribingJson object at 0x00000175604AFEC0>, <snowplow_tracker.self_describing_json.SelfDescribingJson object at 0x000001755D8B9340>]}
[0m11:56:40.969482 [debug] [MainThread]: Flushing usage events
[0m11:56:42.266201 [debug] [MainThread]: An error was encountered while trying to flush usage events
